2023-05-07 17:05:14,182 - freqtrade.loggers - INFO - Verbosity set to 0
2023-05-07 17:05:14,183 - freqtrade.configuration.configuration - INFO - Runmode set to dry_run.
2023-05-07 17:05:14,184 - freqtrade.configuration.configuration - INFO - Parameter --db-url detected ...
2023-05-07 17:05:14,184 - freqtrade.configuration.configuration - INFO - Dry run is enabled
2023-05-07 17:05:14,185 - freqtrade.configuration.configuration - INFO - Using DB: "sqlite:////freqtrade/user_data/tradesv3.sqlite"
2023-05-07 17:05:14,186 - freqtrade.configuration.configuration - INFO - Using max_open_trades: 1 ...
2023-05-07 17:05:14,228 - freqtrade.configuration.configuration - INFO - Using user-data directory: /freqtrade/user_data ...
2023-05-07 17:05:14,234 - freqtrade.configuration.directory_operations - INFO - Created data directory: None
2023-05-07 17:05:14,235 - freqtrade.configuration.configuration - INFO - Using data directory: /freqtrade/user_data/data/binance ...
2023-05-07 17:05:14,237 - freqtrade.exchange.check_exchange - INFO - Checking exchange...
2023-05-07 17:05:14,244 - freqtrade.exchange.check_exchange - INFO - Exchange "binance" is officially supported by the Freqtrade development team.
2023-05-07 17:05:14,245 - freqtrade.configuration.configuration - INFO - Using pairlist from configuration.
2023-05-07 17:05:14,267 - freqtrade.resolvers.iresolver - INFO - Using resolved strategy bernoulli from '/freqtrade/user_data/strategies/bernoulli.py'...
2023-05-07 17:05:14,269 - freqtrade.strategy.hyper - INFO - Found no parameter file.
2023-05-07 17:05:14,270 - freqtrade.resolvers.strategy_resolver - INFO - Override strategy 'stake_currency' with value in config file: USDT.
2023-05-07 17:05:14,271 - freqtrade.resolvers.strategy_resolver - INFO - Override strategy 'stake_amount' with value in config file: unlimited.
2023-05-07 17:05:14,272 - freqtrade.resolvers.strategy_resolver - INFO - Override strategy 'unfilledtimeout' with value in config file: {'entry': 10, 'exit': 10, 'exit_timeout_count': 0, 'unit': 'minutes'}.
2023-05-07 17:05:14,273 - freqtrade.resolvers.strategy_resolver - INFO - Override strategy 'max_open_trades' with value in config file: 1.
2023-05-07 17:05:14,274 - freqtrade.resolvers.strategy_resolver - INFO - Strategy using minimal_roi: {'0': 100}
2023-05-07 17:05:14,275 - freqtrade.resolvers.strategy_resolver - INFO - Strategy using timeframe: 1d
2023-05-07 17:05:14,276 - freqtrade.resolvers.strategy_resolver - INFO - Strategy using stoploss: -0.99
2023-05-07 17:05:14,276 - freqtrade.resolvers.strategy_resolver - INFO - Strategy using trailing_stop: False
2023-05-07 17:05:14,277 - freqtrade.resolvers.strategy_resolver - INFO - Strategy using trailing_stop_positive_offset: 0.0
2023-05-07 17:05:14,278 - freqtrade.resolvers.strategy_resolver - INFO - Strategy using trailing_only_offset_is_reached: False
2023-05-07 17:05:14,279 - freqtrade.resolvers.strategy_resolver - INFO - Strategy using use_custom_stoploss: False
2023-05-07 17:05:14,280 - freqtrade.resolvers.strategy_resolver - INFO - Strategy using process_only_new_candles: True
2023-05-07 17:05:14,282 - freqtrade.resolvers.strategy_resolver - INFO - Strategy using order_types: {'entry': 'limit', 'exit': 'limit', 'stoploss': 'limit', 'stoploss_on_exchange': False, 'stoploss_on_exchange_interval': 60}
2023-05-07 17:05:14,283 - freqtrade.resolvers.strategy_resolver - INFO - Strategy using order_time_in_force: {'entry': 'GTC', 'exit': 'GTC'}
2023-05-07 17:05:14,284 - freqtrade.resolvers.strategy_resolver - INFO - Strategy using stake_currency: USDT
2023-05-07 17:05:14,285 - freqtrade.resolvers.strategy_resolver - INFO - Strategy using stake_amount: unlimited
2023-05-07 17:05:14,286 - freqtrade.resolvers.strategy_resolver - INFO - Strategy using protections: []
2023-05-07 17:05:14,287 - freqtrade.resolvers.strategy_resolver - INFO - Strategy using startup_candle_count: 15
2023-05-07 17:05:14,288 - freqtrade.resolvers.strategy_resolver - INFO - Strategy using unfilledtimeout: {'entry': 10, 'exit': 10, 'exit_timeout_count': 0, 'unit': 'minutes'}
2023-05-07 17:05:14,289 - freqtrade.resolvers.strategy_resolver - INFO - Strategy using use_exit_signal: True
2023-05-07 17:05:14,290 - freqtrade.resolvers.strategy_resolver - INFO - Strategy using exit_profit_only: False
2023-05-07 17:05:14,292 - freqtrade.resolvers.strategy_resolver - INFO - Strategy using ignore_roi_if_entry_signal: False
2023-05-07 17:05:14,293 - freqtrade.resolvers.strategy_resolver - INFO - Strategy using exit_profit_offset: 0.0
2023-05-07 17:05:14,294 - freqtrade.resolvers.strategy_resolver - INFO - Strategy using disable_dataframe_checks: False
2023-05-07 17:05:14,296 - freqtrade.resolvers.strategy_resolver - INFO - Strategy using ignore_buying_expired_candle_after: 0
2023-05-07 17:05:14,297 - freqtrade.resolvers.strategy_resolver - INFO - Strategy using position_adjustment_enable: False
2023-05-07 17:05:14,299 - freqtrade.resolvers.strategy_resolver - INFO - Strategy using max_entry_position_adjustment: -1
2023-05-07 17:05:14,300 - freqtrade.resolvers.strategy_resolver - INFO - Strategy using max_open_trades: 1
2023-05-07 17:05:14,301 - freqtrade.configuration.config_validation - INFO - Validating configuration ...
2023-05-07 17:05:14,305 - freqtrade.exchange.exchange - INFO - Instance is running with dry_run enabled
2023-05-07 17:05:14,307 - freqtrade.exchange.exchange - INFO - Using CCXT 3.0.75
2023-05-07 17:05:14,326 - freqtrade.exchange.exchange - INFO - Using Exchange "Binance"
2023-05-07 17:05:33,844 - freqtrade.exchange.exchange - ERROR - Unable to initialize markets.
Traceback (most recent call last):
  File "/home/ftuser/.local/lib/python3.10/site-packages/urllib3/connectionpool.py", line 449, in _make_request
    six.raise_from(e, None)
  File "<string>", line 3, in raise_from
  File "/home/ftuser/.local/lib/python3.10/site-packages/urllib3/connectionpool.py", line 444, in _make_request
    httplib_response = conn.getresponse()
  File "/usr/local/lib/python3.10/http/client.py", line 1375, in getresponse
    response.begin()
  File "/usr/local/lib/python3.10/http/client.py", line 318, in begin
    version, status, reason = self._read_status()
  File "/usr/local/lib/python3.10/http/client.py", line 279, in _read_status
    line = str(self.fp.readline(_MAXLINE + 1), "iso-8859-1")
  File "/usr/local/lib/python3.10/socket.py", line 705, in readinto
    return self._sock.recv_into(b)
  File "/usr/local/lib/python3.10/ssl.py", line 1274, in recv_into
    return self.read(nbytes, buffer)
  File "/usr/local/lib/python3.10/ssl.py", line 1130, in read
    return self._sslobj.read(len, buffer)
TimeoutError: The read operation timed out

During handling of the above exception, another exception occurred:

Traceback (most recent call last):
  File "/home/ftuser/.local/lib/python3.10/site-packages/requests/adapters.py", line 489, in send
    resp = conn.urlopen(
  File "/home/ftuser/.local/lib/python3.10/site-packages/urllib3/connectionpool.py", line 787, in urlopen
    retries = retries.increment(
  File "/home/ftuser/.local/lib/python3.10/site-packages/urllib3/util/retry.py", line 550, in increment
    raise six.reraise(type(error), error, _stacktrace)
  File "/home/ftuser/.local/lib/python3.10/site-packages/urllib3/packages/six.py", line 770, in reraise
    raise value
  File "/home/ftuser/.local/lib/python3.10/site-packages/urllib3/connectionpool.py", line 703, in urlopen
    httplib_response = self._make_request(
  File "/home/ftuser/.local/lib/python3.10/site-packages/urllib3/connectionpool.py", line 451, in _make_request
    self._raise_timeout(err=e, url=url, timeout_value=read_timeout)
  File "/home/ftuser/.local/lib/python3.10/site-packages/urllib3/connectionpool.py", line 340, in _raise_timeout
    raise ReadTimeoutError(
urllib3.exceptions.ReadTimeoutError: HTTPSConnectionPool(host='fapi.binance.com', port=443): Read timed out. (read timeout=10)

During handling of the above exception, another exception occurred:

Traceback (most recent call last):
  File "/home/ftuser/.local/lib/python3.10/site-packages/ccxt/base/exchange.py", line 601, in fetch
    response = self.session.request(
  File "/home/ftuser/.local/lib/python3.10/site-packages/requests/sessions.py", line 587, in request
    resp = self.send(prep, **send_kwargs)
  File "/home/ftuser/.local/lib/python3.10/site-packages/requests/sessions.py", line 701, in send
    r = adapter.send(request, **kwargs)
  File "/home/ftuser/.local/lib/python3.10/site-packages/requests/adapters.py", line 578, in send
    raise ReadTimeout(e, request=request)
requests.exceptions.ReadTimeout: HTTPSConnectionPool(host='fapi.binance.com', port=443): Read timed out. (read timeout=10)

The above exception was the direct cause of the following exception:

Traceback (most recent call last):
  File "/freqtrade/freqtrade/exchange/exchange.py", line 487, in _load_markets
    self._markets = self._api.load_markets(params={})
  File "/home/ftuser/.local/lib/python3.10/site-packages/ccxt/base/exchange.py", line 1459, in load_markets
    markets = self.fetch_markets(params)
  File "/home/ftuser/.local/lib/python3.10/site-packages/ccxt/binance.py", line 1805, in fetch_markets
    promises.append(self.fapiPublicGetExchangeInfo(params))
  File "/home/ftuser/.local/lib/python3.10/site-packages/ccxt/base/exchange.py", line 507, in inner
    return entry(_self, **inner_kwargs)
  File "/home/ftuser/.local/lib/python3.10/site-packages/ccxt/binance.py", line 6987, in request
    response = self.fetch2(path, api, method, params, headers, body, config, context)
  File "/home/ftuser/.local/lib/python3.10/site-packages/ccxt/base/exchange.py", line 2886, in fetch2
    return self.fetch(request['url'], request['method'], request['headers'], request['body'])
  File "/home/ftuser/.local/lib/python3.10/site-packages/ccxt/base/exchange.py", line 631, in fetch
    raise RequestTimeout(details) from e
ccxt.base.errors.RequestTimeout: binance GET https://fapi.binance.com/fapi/v1/exchangeInfo
2023-05-07 17:05:33,878 - freqtrade.commands.trade_commands - ERROR - Could not load markets, therefore cannot start. Please investigate the above error for more details.
2023-05-07 17:05:33,879 - freqtrade.commands.trade_commands - ERROR - Fatal exception!
Traceback (most recent call last):
  File "/freqtrade/freqtrade/commands/trade_commands.py", line 24, in start_trading
    worker = Worker(args)
  File "/freqtrade/freqtrade/worker.py", line 37, in __init__
    self._init(False)
  File "/freqtrade/freqtrade/worker.py", line 53, in _init
    self.freqtrade = FreqtradeBot(self._config)
  File "/freqtrade/freqtrade/freqtradebot.py", line 72, in __init__
    self.exchange = ExchangeResolver.load_exchange(
  File "/freqtrade/freqtrade/resolvers/exchange_resolver.py", line 34, in load_exchange
    exchange = ExchangeResolver._load_exchange(
  File "/freqtrade/freqtrade/resolvers/exchange_resolver.py", line 60, in _load_exchange
    exchange = ex_class(**kwargs)
  File "/freqtrade/freqtrade/exchange/exchange.py", line 187, in __init__
    self.validate_config(config)
  File "/freqtrade/freqtrade/exchange/exchange.py", line 220, in validate_config
    self.validate_stakecurrency(config['stake_currency'])
  File "/freqtrade/freqtrade/exchange/exchange.py", line 522, in validate_stakecurrency
    raise OperationalException(
freqtrade.exceptions.OperationalException: Could not load markets, therefore cannot start. Please investigate the above error for more details.
2023-05-07 17:05:36,711 - freqtrade.loggers - INFO - Verbosity set to 0
2023-05-07 17:05:36,712 - freqtrade.configuration.configuration - INFO - Runmode set to dry_run.
2023-05-07 17:05:36,713 - freqtrade.configuration.configuration - INFO - Parameter --db-url detected ...
2023-05-07 17:05:36,714 - freqtrade.configuration.configuration - INFO - Dry run is enabled
2023-05-07 17:05:36,715 - freqtrade.configuration.configuration - INFO - Using DB: "sqlite:////freqtrade/user_data/tradesv3.sqlite"
2023-05-07 17:05:36,716 - freqtrade.configuration.configuration - INFO - Using max_open_trades: 1 ...
2023-05-07 17:05:36,757 - freqtrade.configuration.configuration - INFO - Using user-data directory: /freqtrade/user_data ...
2023-05-07 17:05:36,758 - freqtrade.configuration.configuration - INFO - Using data directory: /freqtrade/user_data/data/binance ...
2023-05-07 17:05:36,760 - freqtrade.exchange.check_exchange - INFO - Checking exchange...
2023-05-07 17:05:36,766 - freqtrade.exchange.check_exchange - INFO - Exchange "binance" is officially supported by the Freqtrade development team.
2023-05-07 17:05:36,767 - freqtrade.configuration.configuration - INFO - Using pairlist from configuration.
2023-05-07 17:05:36,780 - freqtrade.resolvers.iresolver - INFO - Using resolved strategy bernoulli from '/freqtrade/user_data/strategies/bernoulli.py'...
2023-05-07 17:05:36,782 - freqtrade.strategy.hyper - INFO - Found no parameter file.
2023-05-07 17:05:36,787 - freqtrade.resolvers.strategy_resolver - INFO - Override strategy 'stake_currency' with value in config file: USDT.
2023-05-07 17:05:36,790 - freqtrade.resolvers.strategy_resolver - INFO - Override strategy 'stake_amount' with value in config file: unlimited.
2023-05-07 17:05:36,793 - freqtrade.resolvers.strategy_resolver - INFO - Override strategy 'unfilledtimeout' with value in config file: {'entry': 10, 'exit': 10, 'exit_timeout_count': 0, 'unit': 'minutes'}.
2023-05-07 17:05:36,794 - freqtrade.resolvers.strategy_resolver - INFO - Override strategy 'max_open_trades' with value in config file: 1.
2023-05-07 17:05:36,795 - freqtrade.resolvers.strategy_resolver - INFO - Strategy using minimal_roi: {'0': 100}
2023-05-07 17:05:36,797 - freqtrade.resolvers.strategy_resolver - INFO - Strategy using timeframe: 1d
2023-05-07 17:05:36,799 - freqtrade.resolvers.strategy_resolver - INFO - Strategy using stoploss: -0.99
2023-05-07 17:05:36,800 - freqtrade.resolvers.strategy_resolver - INFO - Strategy using trailing_stop: False
2023-05-07 17:05:36,802 - freqtrade.resolvers.strategy_resolver - INFO - Strategy using trailing_stop_positive_offset: 0.0
2023-05-07 17:05:36,802 - freqtrade.resolvers.strategy_resolver - INFO - Strategy using trailing_only_offset_is_reached: False
2023-05-07 17:05:36,803 - freqtrade.resolvers.strategy_resolver - INFO - Strategy using use_custom_stoploss: False
2023-05-07 17:05:36,804 - freqtrade.resolvers.strategy_resolver - INFO - Strategy using process_only_new_candles: True
2023-05-07 17:05:36,804 - freqtrade.resolvers.strategy_resolver - INFO - Strategy using order_types: {'entry': 'limit', 'exit': 'limit', 'stoploss': 'limit', 'stoploss_on_exchange': False, 'stoploss_on_exchange_interval': 60}
2023-05-07 17:05:36,805 - freqtrade.resolvers.strategy_resolver - INFO - Strategy using order_time_in_force: {'entry': 'GTC', 'exit': 'GTC'}
2023-05-07 17:05:36,807 - freqtrade.resolvers.strategy_resolver - INFO - Strategy using stake_currency: USDT
2023-05-07 17:05:36,808 - freqtrade.resolvers.strategy_resolver - INFO - Strategy using stake_amount: unlimited
2023-05-07 17:05:36,809 - freqtrade.resolvers.strategy_resolver - INFO - Strategy using protections: []
2023-05-07 17:05:36,810 - freqtrade.resolvers.strategy_resolver - INFO - Strategy using startup_candle_count: 15
2023-05-07 17:05:36,811 - freqtrade.resolvers.strategy_resolver - INFO - Strategy using unfilledtimeout: {'entry': 10, 'exit': 10, 'exit_timeout_count': 0, 'unit': 'minutes'}
2023-05-07 17:05:36,812 - freqtrade.resolvers.strategy_resolver - INFO - Strategy using use_exit_signal: True
2023-05-07 17:05:36,813 - freqtrade.resolvers.strategy_resolver - INFO - Strategy using exit_profit_only: False
2023-05-07 17:05:36,814 - freqtrade.resolvers.strategy_resolver - INFO - Strategy using ignore_roi_if_entry_signal: False
2023-05-07 17:05:36,814 - freqtrade.resolvers.strategy_resolver - INFO - Strategy using exit_profit_offset: 0.0
2023-05-07 17:05:36,815 - freqtrade.resolvers.strategy_resolver - INFO - Strategy using disable_dataframe_checks: False
2023-05-07 17:05:36,816 - freqtrade.resolvers.strategy_resolver - INFO - Strategy using ignore_buying_expired_candle_after: 0
2023-05-07 17:05:36,817 - freqtrade.resolvers.strategy_resolver - INFO - Strategy using position_adjustment_enable: False
2023-05-07 17:05:36,818 - freqtrade.resolvers.strategy_resolver - INFO - Strategy using max_entry_position_adjustment: -1
2023-05-07 17:05:36,820 - freqtrade.resolvers.strategy_resolver - INFO - Strategy using max_open_trades: 1
2023-05-07 17:05:36,820 - freqtrade.configuration.config_validation - INFO - Validating configuration ...
2023-05-07 17:05:36,824 - freqtrade.exchange.exchange - INFO - Instance is running with dry_run enabled
2023-05-07 17:05:36,826 - freqtrade.exchange.exchange - INFO - Using CCXT 3.0.75
2023-05-07 17:05:36,837 - freqtrade.exchange.exchange - INFO - Using Exchange "Binance"
2023-05-07 17:06:17,537 - freqtrade.resolvers.exchange_resolver - INFO - Using resolved exchange 'Binance'...
2023-05-07 17:06:17,731 - freqtrade.wallets - INFO - Wallets synced.
2023-05-07 17:06:17,739 - freqtrade.resolvers.iresolver - INFO - Using resolved pairlist StaticPairList from '/freqtrade/freqtrade/plugins/pairlist/StaticPairList.py'...
2023-05-07 17:06:21,236 - freqtrade.rpc.rpc_manager - INFO - Enabling rpc.api_server
2023-05-07 17:06:21,443 - freqtrade.rpc.api_server.webserver - INFO - Starting HTTP Server at 0.0.0.0:8080
2023-05-07 17:06:21,445 - freqtrade.rpc.api_server.webserver - WARNING - SECURITY WARNING - Local Rest Server listening to external connections
2023-05-07 17:06:21,446 - freqtrade.rpc.api_server.webserver - WARNING - SECURITY WARNING - This is insecure please set to your loopback,e.g 127.0.0.1 in config.json
2023-05-07 17:06:21,447 - freqtrade.rpc.api_server.webserver - INFO - Starting Local Rest Server.
2023-05-07 17:06:21,459 - uvicorn.error - INFO - Started server process [1]
2023-05-07 17:06:21,461 - uvicorn.error - INFO - Waiting for application startup.
2023-05-07 17:06:21,462 - uvicorn.error - INFO - Application startup complete.
2023-05-07 17:06:21,463 - uvicorn.error - INFO - Uvicorn running on http://0.0.0.0:8080 (Press CTRL+C to quit)
2023-05-07 17:06:21,469 - freqtrade.resolvers.iresolver - INFO - Using resolved pairlist StaticPairList from '/freqtrade/freqtrade/plugins/pairlist/StaticPairList.py'...
2023-05-07 17:06:21,477 - freqtrade.plugins.pairlistmanager - INFO - Whitelist with 3 pairs: ['BTC/USDT', 'ETH/USDT', 'LTC/USDT']
2023-05-07 17:06:21,478 - freqtrade.strategy.hyper - INFO - No params for buy found, using default values.
2023-05-07 17:06:21,480 - freqtrade.strategy.hyper - INFO - No params for sell found, using default values.
2023-05-07 17:06:21,481 - freqtrade.strategy.hyper - INFO - No params for protection found, using default values.
2023-05-07 17:06:21,482 - freqtrade.plugins.protectionmanager - INFO - No protection Handlers defined.
2023-05-07 17:06:21,483 - freqtrade.rpc.rpc_manager - INFO - Sending rpc message: {'type': status, 'status': 'running'}
2023-05-07 17:06:21,484 - freqtrade.worker - INFO - Changing state to: RUNNING
2023-05-07 17:06:21,499 - freqtrade.rpc.rpc_manager - INFO - Sending rpc message: {'type': warning, 'status': 'Dry run is enabled. All trades are simulated.'}
2023-05-07 17:06:21,500 - freqtrade.rpc.rpc_manager - INFO - Sending rpc message: {'type': startup, 'status': "*Exchange:* `binance`\n*Stake per trade:* `unlimited USDT`\n*Minimum ROI:* `{'0': 100}`\n*Stoploss:* `-0.99`\n*Position adjustment:* `Off`\n*Timeframe:* `1d`\n*Strategy:* `bernoulli`"}
2023-05-07 17:06:21,501 - freqtrade.rpc.rpc_manager - INFO - Sending rpc message: {'type': startup, 'status': "Searching for USDT pairs to buy and sell based on [{'StaticPairList': 'StaticPairList'}]"}
2023-05-07 17:06:23,927 - freqtrade.wallets - INFO - Wallets synced.
2023-05-07 17:06:24,233 - freqtrade.freqtradebot - INFO - Long signal found: about create a new trade for BTC/USDT with stake_amount: 990.0 ...
2023-05-07 17:06:24,631 - freqtrade.freqtradebot - INFO - Order #dry_run_buy_1683479184.239389 was created for BTC/USDT and status is open.
2023-05-07 17:06:24,666 - freqtrade.wallets - INFO - Wallets synced.
2023-05-07 17:06:24,667 - freqtrade.rpc.rpc_manager - INFO - Sending rpc message: {'trade_id': 1, 'type': entry, 'buy_tag': None, 'enter_tag': None, 'exchange': 'Binance', 'pair': 'BTC/USDT', 'leverage': 1.0, 'direction': 'Long', 'limit': 28997.42, 'open_rate': 28997.42, 'order_type': 'limit', 'stake_amount': 990.0, 'stake_currency': 'USDT', 'base_currency': 'BTC', 'fiat_currency': 'USD', 'amount': 0.03414, 'open_date': datetime.datetime(2023, 5, 7, 17, 6, 24, 635013), 'current_rate': 28997.42, 'sub_trade': False}
2023-05-07 17:06:26,508 - freqtrade.worker - INFO - Bot heartbeat. PID=1, version='2023.4', state='RUNNING'
2023-05-07 17:06:26,900 - freqtrade.freqtradebot - INFO - Found open order for Trade(id=1, pair=BTC/USDT, amount=0.03414097, is_short=False, leverage=1.0, open_rate=28997.42000000, open_since=2023-05-07 17:06:24)
2023-05-07 17:06:26,919 - freqtrade.freqtradebot - INFO - Fee for Trade Trade(id=1, pair=BTC/USDT, amount=0.03414097, is_short=False, leverage=1.0, open_rate=28997.42000000, open_since=2023-05-07 17:06:24) [buy]: 0.98997192 USDT - rate: 0.001
2023-05-07 17:06:26,920 - freqtrade.persistence.trade_model - INFO - Updating trade (id=1) ...
2023-05-07 17:06:26,921 - freqtrade.persistence.trade_model - INFO - LIMIT_BUY has been fulfilled for Trade(id=1, pair=BTC/USDT, amount=0.03414000, is_short=False, leverage=1.0, open_rate=28997.42000000, open_since=2023-05-07 17:06:24).
2023-05-07 17:06:26,926 - freqtrade.wallets - INFO - Wallets synced.
2023-05-07 17:06:26,929 - freqtrade.rpc.rpc_manager - INFO - Sending rpc message: {'trade_id': 1, 'type': entry_fill, 'buy_tag': None, 'enter_tag': None, 'exchange': 'Binance', 'pair': 'BTC/USDT', 'leverage': 1.0, 'direction': 'Long', 'limit': 28997.42, 'open_rate': 28997.42, 'order_type': 'limit', 'stake_amount': 989.9719188, 'stake_currency': 'USDT', 'base_currency': 'BTC', 'fiat_currency': 'USD', 'amount': 0.03414, 'open_date': datetime.datetime(2023, 5, 7, 17, 6, 24, 635013), 'current_rate': 28997.42, 'sub_trade': False}
